// Jest Snapshot v1, https://goo.gl/fbAQLP

exports[`Roller renders correctly 1`] = `
Array [
  <style>
    [object Object]
  </style>,
  <div
    className="lds-roller"
  >
    <div />
    <div />
    <div />
    <div />
    <div />
    <div />
    <div />
    <div />
  </div>,
]
`;
